.next/types/validator.ts(96,39): error TS2307: Cannot find module '../../src/app/ledger/new/page.js' or its corresponding type declarations.
.next/types/validator.ts(105,39): error TS2307: Cannot find module '../../src/app/ledger/page.js' or its corresponding type declarations.
.next/types/validator.ts(132,39): error TS2307: Cannot find module '../../src/app/orders/[id]/page.js' or its corresponding type declarations.
.next/types/validator.ts(141,39): error TS2307: Cannot find module '../../src/app/orders/new/page.js' or its corresponding type declarations.
.next/types/validator.ts(150,39): error TS2307: Cannot find module '../../src/app/orders/page.js' or its corresponding type declarations.
.next/types/validator.ts(195,39): error TS2307: Cannot find module '../../src/app/showrooms/new/page.js' or its corresponding type declarations.
.next/types/validator.ts(204,39): error TS2307: Cannot find module '../../src/app/showrooms/page.js' or its corresponding type declarations.
src/app/api/reports/payables/route.ts(2,30): error TS2307: Cannot find module 'next/response' or its corresponding type declarations.
src/app/api/reports/receivables/route.ts(2,30): error TS2307: Cannot find module 'next/response' or its corresponding type declarations.
src/app/api/reports/sales/route.ts(2,30): error TS2307: Cannot find module 'next/response' or its corresponding type declarations.
src/components/forms/CustomerForm.tsx(6,25): error TS2305: Module '"@/lib/types"' has no exported member 'Showroom'.
src/components/forms/CustomerForm.tsx(21,24): error TS2339: Property 'code' does not exist on type 'Customer'.
src/components/forms/CustomerForm.tsx(22,33): error TS2339: Property 'contact_email' does not exist on type 'Customer'.
src/components/forms/CustomerForm.tsx(25,32): error TS2339: Property 'credit_limit' does not exist on type 'Customer'.
src/components/forms/CustomerForm.tsx(26,31): error TS2339: Property 'showroom_id' does not exist on type 'Customer'.
src/components/forms/CustomerForm.tsx(27,26): error TS2339: Property 'status' does not exist on type 'Customer'.
src/components/forms/MaterialForm.tsx(18,23): error TS2339: Property 'sku' does not exist on type 'Material'.
src/components/forms/MaterialForm.tsx(23,33): error TS2339: Property 'reorder_level' does not exist on type 'Material'.
src/components/forms/MaterialForm.tsx(24,29): error TS2339: Property 'image_url' does not exist on type 'Material'.
src/components/forms/MaterialForm.tsx(33,28): error TS2345: Argument of type '{ name: string; sku: any; category: string; unit: string; stock_quantity: number; unit_cost: number; reorder_level: any; image_url: any; }' is not assignable to parameter of type 'Partial<Material>'.
  Types of property 'category' are incompatible.
    Type 'string' is not assignable to type '"Sheet" | "Hardware" | "Cushion" | "PVC" | "Brass" | "Pegs" | "Glass" | "Other" | undefined'.
src/components/forms/PaymentForm.tsx(5,10): error TS2724: '"@/lib/actions/accounting"' has no exported member named 'recordPayment'. Did you mean 'recordPaymentMade'?
src/components/forms/ShowroomForm.tsx(6,15): error TS2305: Module '"@/lib/types"' has no exported member 'Showroom'.
src/components/forms/SupplierForm.tsx(15,33): error TS2339: Property 'contact_email' does not exist on type 'Supplier'.
src/lib/actions/dashboard.ts(52,49): error TS2339: Property 'name' does not exist on type '{ name: any; }[]'.
src/lib/actions/dashboard.ts(61,47): error TS2339: Property 'name' does not exist on type '{ name: any; }[]'.
src/lib/actions/orders.ts(4,10): error TS2305: Module '"@/lib/types"' has no exported member 'Order'.
src/lib/actions/showrooms.ts(4,10): error TS2305: Module '"@/lib/types"' has no exported member 'Showroom'.
src/lib/demo-data.ts(8,23): error TS2305: Module '"./types"' has no exported member 'Showroom'.
src/lib/demo-data.ts(8,33): error TS2305: Module '"./types"' has no exported member 'Order'.
src/lib/demo-data.ts(9,38): error TS2305: Module '"./types"' has no exported member 'LedgerEntry'.
src/lib/demo-data.ts(10,32): error TS2305: Module '"./types"' has no exported member 'RecentTransaction'.
src/lib/demo-data.ts(10,51): error TS2305: Module '"./types"' has no exported member 'AgingBucket'.
src/lib/demo-data.ts(15,3): error TS2353: Object literal may only specify known properties, and 'totalRevenue' does not exist in type 'DashboardKPIs'.
src/lib/demo-data.ts(64,40): error TS2353: Object literal may only specify known properties, and 'code' does not exist in type 'Customer'.
src/lib/demo-data.ts(70,44): error TS2353: Object literal may only specify known properties, and 'code' does not exist in type 'Customer'.
src/lib/demo-data.ts(76,38): error TS2353: Object literal may only specify known properties, and 'code' does not exist in type 'Customer'.
src/lib/demo-data.ts(82,42): error TS2353: Object literal may only specify known properties, and 'code' does not exist in type 'Customer'.
src/lib/demo-data.ts(88,43): error TS2353: Object literal may only specify known properties, and 'code' does not exist in type 'Customer'.
src/lib/demo-data.ts(98,40): error TS2353: Object literal may only specify known properties, and 'code' does not exist in type 'Supplier'.
src/lib/demo-data.ts(104,40): error TS2353: Object literal may only specify known properties, and 'code' does not exist in type 'Supplier'.
src/lib/demo-data.ts(110,37): error TS2353: Object literal may only specify known properties, and 'code' does not exist in type 'Supplier'.
src/lib/demo-data.ts(116,38): error TS2353: Object literal may only specify known properties, and 'code' does not exist in type 'Supplier'.
src/lib/demo-data.ts(148,62): error TS2322: Type '"Wood"' is not assignable to type '"Sheet" | "Hardware" | "Cushion" | "PVC" | "Brass" | "Pegs" | "Glass" | "Other"'.
src/lib/demo-data.ts(154,62): error TS2322: Type '"Metal"' is not assignable to type '"Sheet" | "Hardware" | "Cushion" | "PVC" | "Brass" | "Pegs" | "Glass" | "Other"'.
src/lib/demo-data.ts(160,64): error TS2322: Type '"Fabrics"' is not assignable to type '"Sheet" | "Hardware" | "Cushion" | "PVC" | "Brass" | "Pegs" | "Glass" | "Other"'.
src/lib/demo-data.ts(166,44): error TS2353: Object literal may only specify known properties, and 'sku' does not exist in type 'Material'.
src/lib/demo-data.ts(178,29): error TS2322: Type '"overdue"' is not assignable to type '"unpaid" | "partial" | "paid"'.
src/lib/demo-data.ts(184,29): error TS2322: Type '"overdue"' is not assignable to type '"unpaid" | "partial" | "paid"'.
src/lib/demo-data.ts(190,29): error TS2322: Type '"overdue"' is not assignable to type '"unpaid" | "partial" | "paid"'.
src/lib/demo-data.ts(198,32): error TS2322: Type 'null' is not assignable to type 'string'.
src/lib/demo-data.ts(205,32): error TS2322: Type 'null' is not assignable to type 'string'.
src/lib/demo-data.ts(212,32): error TS2322: Type 'null' is not assignable to type 'string'.
src/lib/demo-data.ts(215,5): error TS2322: Type '"overdue"' is not assignable to type '"unpaid" | "partial" | "paid"'.
src/lib/demo-data.ts(219,32): error TS2322: Type 'null' is not assignable to type 'string'.
src/lib/demo-data.ts(273,29): error TS2322: Type '"receivable_overdue"' is not assignable to type '"sale_completed" | "low_stock" | "receivable_pending" | "payable_pending"'.
src/lib/demo-data.ts(279,14): error TS2353: Object literal may only specify known properties, and 'user_id' does not exist in type 'Notification'.
src/lib/demo-data.ts(285,29): error TS2322: Type '"payable_due_soon"' is not assignable to type '"sale_completed" | "low_stock" | "receivable_pending" | "payable_pending"'.
src/lib/demo-data.ts(291,29): error TS2322: Type '"order_status_changed"' is not assignable to type '"sale_completed" | "low_stock" | "receivable_pending" | "payable_pending"'.
src/lib/rbac.ts(43,3): error TS2353: Object literal may only specify known properties, and 'accounts_manager' does not exist in type 'Record<UserRole, Record<Module, Action[]>>'.
